Sample sheet being processed by common lib? No
SampleSheet Settings: 
  <none>

Command Line: dragen --bcl-conversion-only true --bcl-input-directory /home/proj/stage/flowcells/novaseq/runs/210428_A00689_0260_BHNC2FDSXY --output-directory /home/proj/stage/demultiplexed-runs/210428_A00689_0260_BHNC2FDSXY/Unaligned --bcl-sampleproject-subdirectories true --force 
DRAGEN Host Software Version 07.021.572.3.6.3 and Bio-IT Processor Version 0x18101306

Generating run log at /var/log/dragen/dragen_run_1623651816287_158866.log

AutoDetected reference: UNKNOWN

==================================================================
Downloading ZIP/UNZIP HW bitstream - do not interrupt
==================================================================
INFO: /opt/edico/bitstream/07.021.572/0099.bin
INFO: /opt/edico/bitstream/07.021.572/0030.bin
....
.........
INFO: MEMCs calibrated in 1003ms
Partial Reconfiguration Complete: Version 18101306
LICENSE_MSG| Requested streams: zip(x10)
LICENSE_MSG|   Board 2130048BA01N, CHIPID=0117A66834C0A0C5
LICENSE_MSG| Allocation:
LICENSE_MSG|   #0: board 0 stream 0, zip -> zip
LICENSE_MSG|   #1: board 0 stream 1, zip -> zip
LICENSE_MSG|   #2: board 0 stream 2, zip -> zip
LICENSE_MSG|   #3: board 0 stream 3, zip -> zip
LICENSE_MSG|   #4: board 0 stream 4, zip -> zip
LICENSE_MSG|   #5: board 0 stream 5, zip -> zip
LICENSE_MSG|   #6: board 0 stream 6, zip -> zip
LICENSE_MSG|   #7: board 0 stream 7, zip -> zip
LICENSE_MSG|   #8: board 0 stream 8, zip -> zip
LICENSE_MSG|   #9: board 0 stream 9, zip -> zip
Parallel Tiles: 4. Threads Per Tile: 12
HW compressors: 10
SW decompressors: 24

RUN TIME                                                                        Time converting BCL to fastq                                      03:09:18.909   11358.91
RUN TIME                                                                        Time partial reconfiguration                                      00:00:10.042   10.04
RUN TIME                                                                        Total runtime                                                     03:09:32.408   11372.41
==================================================================
DRAGEN finished normally
